// Jest Snapshot v1, https://goo.gl/fbAQLP

exports[`Our first snapshot test Should compare the component with a snapshot 1`] = `"<div>Hello Jest</div>"`;
